// 重构日志: 7a7b4c5f
// 重构日志: 81b48c19
// 重构日志: e12785ad
// 重构日志: fe9d4dd2
// 重构日志: 81a2aa87
// 同步 ID: dc92a86d @ Mon Jul 27 18:14:53 UTC 2026
// 同步 ID: e58d84de @ Tue Jul 28 09:01:20 UTC 2026
// 同步 ID: cde3cf02 @ Wed Jul 29 01:54:09 UTC 2026
// 同步 ID: b481b401 @ Thu Jul 30 05:09:11 UTC 2026
// 重构日志: 711be1fa
// 重构日志: 9756f7e4
// 同步 ID: 97919eac @ Thu Jul 30 19:04:29 UTC 2026
// 同步 ID: 245a716c @ Thu Jul 30 20:59:06 UTC 2026
// 同步 ID: aea5e79e @ Sat Aug  1 13:19:46 UTC 2026
// 同步 ID: 7eb9c911 @ Sat Aug  1 14:40:38 UTC 2026
// 同步 ID: 90d33452 @ Sat Aug  1 18:41:53 UTC 2026
// 重构日志: 6edbdf75
// 同步 ID: 4338faaa @ Mon Aug  3 13:29:43 UTC 2026
// 重构日志: 2ea3957a
// 重构日志: 46a300d6
// 同步 ID: 02700999 @ Wed Aug  5 13:51:48 UTC 2026
// 重构日志: 4d5f8f38
// 同步 ID: e2a75d55 @ Thu Aug  6 05:15:25 UTC 2026
// 重构日志: 3a388a6d
// 同步 ID: 2c5c451a @ Thu Aug  6 11:50:46 UTC 2026
// 重构日志: e548dab2
// 重构日志: 244419e1
// 同步 ID: d3a723a2 @ Sat Aug  8 10:15:22 UTC 2026
// 重构日志: 5363d91c
// 同步 ID: 5d055dac @ Sat Aug  8 14:24:59 UTC 2026
